// Jest Snapshot v1, https://goo.gl/fbAQLP

exports[`Pruebas en el componente <GifGrid /> <GifGrid /> debe mostrarse correctamente 1`] = `
<Fragment>
  <h3>
    Boruto
  </h3>
  cargando...
  <div
    className="card-grid"
  />
</Fragment>
`;
